[range(0, 625), range(625, 1250), range(1250, 1875), range(1875, 2500), range(2500, 3125), range(3125, 3750), range(3750, 4375), range(4375, 5000), range(5000, 5625), range(5625, 6250), range(6250, 6875), range(6875, 7500), range(7500, 8125), range(8125, 8750), range(8750, 9375), range(9375, 10000)]
(200918, 6)
[  0.           0.           1.         255.           2.70921881
 166.55259568]
(198783, 6)
[625.           0.           2.         126.           2.9104261
 176.59721248]
(196936, 6)
[1.25000000e+03 0.00000000e+00 1.00000000e+00 5.13000000e+02
 2.78117457e+00 1.55189330e+02]
(196432, 6)
[1.87500000e+03 0.00000000e+00 1.00000000e+00 5.13000000e+02
 2.62912458e+00 1.62259179e+02]
(192230, 6)
[2.50000000e+03 0.00000000e+00 1.00000000e+00 5.13000000e+02
 2.63746957e+00 1.62337270e+02]
(192331, 6)
[3.12500000e+03 0.00000000e+00 1.00000000e+00 8.40000000e+01
 2.80974189e+00 1.65352981e+02]
(188753, 6)
[3.75000000e+03 0.00000000e+00 1.00000000e+00 5.55000000e+02
 2.97816116e+00 1.63638014e+02]
(194461, 6)
[4.37500000e+03 0.00000000e+00 2.00000000e+00 4.14000000e+02
 2.90684863e+00 1.62650062e+02]
(196030, 6)
[5.00000000e+03 0.00000000e+00 2.00000000e+00 6.06000000e+02
 2.92434863e+00 1.56307659e+02]
(193591, 6)
[5.62500000e+03 0.00000000e+00 2.00000000e+00 3.90000000e+01
 2.63747561e+00 1.66015874e+02]
(195815, 6)
[6.25000000e+03 0.00000000e+00 2.00000000e+00 5.55000000e+02
 2.60762406e+00 1.75910376e+02]
(192903, 6)
[6.87500000e+03 0.00000000e+00 2.00000000e+00 6.78000000e+02
 2.80868428e+00 1.67514179e+02]
(195328, 6)
[7.50000000e+03 0.00000000e+00 1.00000000e+00 4.80000000e+01
 2.85381228e+00 1.68006883e+02]
(194917, 6)
[8.12500000e+03 0.00000000e+00 1.00000000e+00 8.10000000e+01
 2.78082601e+00 1.67024343e+02]
(195296, 6)
[8.75000000e+03 3.00000000e+00 4.00000000e+00 3.78000000e+02
 2.68179003e+00 1.67479672e+02]
(200158, 6)
[9.37500000e+03 0.00000000e+00 2.00000000e+00 6.72000000e+02
 2.80531739e+00 1.65466190e+02]

Work Completed! Used Time: 54.171 seconds
