4
[range(0, 2500), range(2500, 5000), range(5000, 7500), range(7500, 10000)]
(793069, 6)
[  0.           0.           1.         255.           2.70921881
 166.55259568]
(767775, 6)
[2.50000000e+03 0.00000000e+00 1.00000000e+00 5.13000000e+02
 2.63746957e+00 1.62337270e+02]
(778339, 6)
[5.00000000e+03 0.00000000e+00 2.00000000e+00 6.06000000e+02
 2.92434863e+00 1.56307659e+02]
(785699, 6)
[7.50000000e+03 0.00000000e+00 1.00000000e+00 4.80000000e+01
 2.85381228e+00 1.68006883e+02]

Work Completed! Used Time: 43.728 seconds
