4
[range(0, 2500), range(2500, 5000), range(5000, 7500), range(7500, 10000)]
