
Parallel Work Completed! Used Time: 473.879 seconds

Serial Work Completed! Used Time: 1530.012 seconds
