(808369, 9)

Work Completed! Used Time: 34.511 seconds
