nohup: 忽略输入
/bigdata/jxzhu/205/software/mdanalysis/package/MDAnalysis/coordinates/base.py:892: UserWarning: Reader has no dt information, set to 1.0 ps
  warnings.warn("Reader has no dt information, set to 1.0 ps")
/bigdata/jxzhu/205/software/mdanalysis/package/MDAnalysis/coordinates/base.py:892: UserWarning: Reader has no dt information, set to 1.0 ps
  warnings.warn("Reader has no dt information, set to 1.0 ps")
/bigdata/jxzhu/205/software/mdanalysis/package/MDAnalysis/coordinates/base.py:892: UserWarning: Reader has no dt information, set to 1.0 ps
  warnings.warn("Reader has no dt information, set to 1.0 ps")
/bigdata/jxzhu/205/software/mdanalysis/package/MDAnalysis/coordinates/base.py:892: UserWarning: Reader has no dt information, set to 1.0 ps
  warnings.warn("Reader has no dt information, set to 1.0 ps")
