(808369, 9)

Work Completed! Used Time: 73.790 seconds
