[range(0, 312), range(312, 624), range(624, 936), range(936, 1248), range(1248, 1560), range(1560, 1872), range(1872, 2184), range(2184, 2496), range(2496, 2808), range(2808, 3120), range(3120, 3432), range(3432, 3744), range(3744, 4056), range(4056, 4368), range(4368, 4680), range(4680, 4992), range(4992, 5304), range(5304, 5616), range(5616, 5928), range(5928, 6240), range(6240, 6552), range(6552, 6864), range(6864, 7176), range(7176, 7488), range(7488, 7800), range(7800, 8112), range(8112, 8424), range(8424, 8736), range(8736, 9048), range(9048, 9360), range(9360, 9672), range(9672, 10000)]
(100943, 6)
[  0.           0.           1.         255.           2.70921881
 166.55259568]
(99660, 6)
[312.           0.           1.         198.           2.71111008
 162.89015761]
(99358, 6)
[624.           0.           2.         126.           2.63138261
 170.53936513]
(99110, 6)
[936.           0.           1.         513.           2.90746382
 157.81452197]
(97620, 6)
[1.24800000e+03 0.00000000e+00 1.00000000e+00 5.13000000e+02
 2.96659468e+00 1.60428732e+02]
(98985, 6)
[1.56000000e+03 0.00000000e+00 1.00000000e+00 5.13000000e+02
 2.82065816e+00 1.64649135e+02]
(99682, 6)
[1.87200000e+03 0.00000000e+00 1.00000000e+00 5.13000000e+02
 2.93011084e+00 1.69419240e+02]
(96492, 6)
[2184.            3.            4.          576.            2.91352334
  176.09805565]
(94851, 6)
[2.49600000e+03 0.00000000e+00 1.00000000e+00 5.13000000e+02
 2.91582981e+00 1.50824356e+02]
(97015, 6)
[2.80800000e+03 0.00000000e+00 2.00000000e+00 5.13000000e+02
 2.99182478e+00 1.63998445e+02]
(96342, 6)
[3.12000000e+03 0.00000000e+00 1.00000000e+00 8.40000000e+01
 2.73976117e+00 1.64205484e+02]
(95742, 6)
[3.43200000e+03 3.00000000e+00 4.00000000e+00 2.70000000e+01
 2.85229234e+00 1.73795332e+02]
(94001, 6)
[3.74400000e+03 0.00000000e+00 1.00000000e+00 5.55000000e+02
 2.77039592e+00 1.75090514e+02]
(94476, 6)
[4.05600000e+03 0.00000000e+00 2.00000000e+00 5.13000000e+02
 2.70849333e+00 1.57608753e+02]
(96226, 6)
[4.36800000e+03 0.00000000e+00 1.00000000e+00 4.29000000e+02
 2.65524840e+00 1.65169523e+02]
(97820, 6)
[4.68000000e+03 0.00000000e+00 1.00000000e+00 4.29000000e+02
 2.59400062e+00 1.56506181e+02]
(95647, 6)
[4.99200000e+03 0.00000000e+00 1.00000000e+00 6.27000000e+02
 2.95664289e+00 1.59364072e+02]
(99918, 6)
[5.30400000e+03 0.00000000e+00 1.00000000e+00 2.55000000e+02
 2.97962354e+00 1.71347685e+02]
(97447, 6)
[5.61600000e+03 0.00000000e+00 1.00000000e+00 6.06000000e+02
 2.80204583e+00 1.71672855e+02]
(96054, 6)
[5.92800000e+03 0.00000000e+00 1.00000000e+00 1.92000000e+02
 2.70608826e+00 1.52088733e+02]
(97670, 6)
[6.24000000e+03 0.00000000e+00 1.00000000e+00 3.09000000e+02
 2.87450208e+00 1.69166360e+02]
(97779, 6)
[6.55200000e+03 0.00000000e+00 1.00000000e+00 6.78000000e+02
 2.72170816e+00 1.78830199e+02]
(95664, 6)
[6.86400000e+03 3.00000000e+00 4.00000000e+00 1.80000000e+02
 2.71951118e+00 1.65280850e+02]
(96924, 6)
[7.17600000e+03 0.00000000e+00 2.00000000e+00 6.78000000e+02
 2.72448101e+00 1.61264209e+02]
(98540, 6)
[7.48800000e+03 0.00000000e+00 1.00000000e+00 4.80000000e+01
 2.69943080e+00 1.73906073e+02]
(96462, 6)
[7.80000000e+03 0.00000000e+00 2.00000000e+00 6.78000000e+02
 2.74903304e+00 1.59132928e+02]
(97925, 6)
[8.11200000e+03 0.00000000e+00 2.00000000e+00 6.78000000e+02
 2.55390686e+00 1.74107778e+02]
(96847, 6)
[8.42400000e+03 0.00000000e+00 1.00000000e+00 6.33000000e+02
 2.63374780e+00 1.69651493e+02]
(96648, 6)
[8.73600000e+03 0.00000000e+00 2.00000000e+00 6.78000000e+02
 2.78038680e+00 1.68938268e+02]
(98220, 6)
[9.04800000e+03 0.00000000e+00 1.00000000e+00 6.33000000e+02
 2.60610908e+00 1.52768496e+02]
(99302, 6)
[9.36000000e+03 0.00000000e+00 1.00000000e+00 6.33000000e+02
 2.81097365e+00 1.70353321e+02]
(105512, 6)
[9.67200000e+03 3.00000000e+00 5.00000000e+00 3.45000000e+02
 2.68018584e+00 1.56127820e+02]

Work Completed! Used Time: 80.243 seconds
