[[0.00000000e+00 2.22000000e+02 2.24000000e+02 6.24000000e+02
  2.88494294e+00 1.75897184e+02]
 [0.00000000e+00 2.67000000e+02 2.69000000e+02 3.72000000e+02
  2.85001150e+00 1.75725563e+02]
 [0.00000000e+00 2.73000000e+02 2.74000000e+02 2.88000000e+02
  2.80944372e+00 1.68008902e+02]
 ...
 [9.99900000e+03 3.60000000e+02 3.62000000e+02 5.10000000e+02
  2.76265996e+00 1.68040258e+02]
 [9.99900000e+03 4.14000000e+02 4.15000000e+02 5.40000000e+02
  2.81967404e+00 1.59376530e+02]
 [9.99900000e+03 4.29000000e+02 4.30000000e+02 6.57000000e+02
  2.64638307e+00 1.65959970e+02]]

Work Completed! Used Time: 73.769 seconds
